// Jest Snapshot v1, https://goo.gl/fbAQLP

exports[`Filter should match the snapshot 1`] = `ShallowWrapper {}`;
