// Jest Snapshot v1, https://goo.gl/fbAQLP

exports[`MovieDetails should match snapshot 1`] = `ShallowWrapper {}`;

exports[`MovieDetails should match snapshot when there is a selected movie 1`] = `ShallowWrapper {}`;
