// Jest Snapshot v1, https://goo.gl/fbAQLP

exports[`Login Should match the snapshot 1`] = `ShallowWrapper {}`;
